Archive member included because of file (symbol)

../cross_compiler/lib/gcc/arm-none-eabi/4.8.1//libgcc.a(_udivsi3.o)
                              binaries/qsort.o (__aeabi_uidiv)
../cross_compiler/lib/gcc/arm-none-eabi/4.8.1//libgcc.a(_divsi3.o)
                              binaries/doprnt.o (__aeabi_idiv)
../cross_compiler/lib/gcc/arm-none-eabi/4.8.1//libgcc.a(_dvmd_tls.o)
                              ../cross_compiler/lib/gcc/arm-none-eabi/4.8.1//libgcc.a(_udivsi3.o) (__aeabi_idiv0)
../cross_compiler/lib/gcc/arm-none-eabi/4.8.1//libgcc.a(_arm_addsubdf3.o)
                              binaries/tmp36read.o (__aeabi_dsub)
../cross_compiler/lib/gcc/arm-none-eabi/4.8.1//libgcc.a(_arm_muldivdf3.o)
                              binaries/doprnt.o (__aeabi_dmul)
../cross_compiler/lib/gcc/arm-none-eabi/4.8.1//libgcc.a(_arm_cmpdf2.o)
                              binaries/doprnt.o (__aeabi_dcmplt)
../cross_compiler/lib/gcc/arm-none-eabi/4.8.1//libgcc.a(_arm_fixdfsi.o)
                              binaries/doprnt.o (__aeabi_d2iz)
../cross_compiler/lib/gcc/arm-none-eabi/4.8.1//libgcc.a(_arm_truncdfsf2.o)
                              binaries/tmp36read.o (__aeabi_d2f)
../cross_compiler/lib/gcc/arm-none-eabi/4.8.1//libgcc.a(_arm_addsubsf3.o)
                              binaries/main.o (__aeabi_fsub)
../cross_compiler/lib/gcc/arm-none-eabi/4.8.1//libgcc.a(_arm_muldivsf3.o)
                              binaries/main.o (__aeabi_fmul)
../cross_compiler/lib/gcc/arm-none-eabi/4.8.1//libgcc.a(_arm_fixunssfsi.o)
                              binaries/main.o (__aeabi_f2uiz)

Allocating common symbols
Common symbol       size              file

netbufpool          0x4               binaries/net.o
readylist           0x2               binaries/ready.o
rfltab              0x5a0             binaries/rflinit.o
netportseed         0x4               binaries/net.o
sleepq              0x2               binaries/clkinit.o
intc_vector         0x200             binaries/evec.o
nnames              0x4               binaries/naminit.o
udptab              0x168             binaries/udp.o
minheap             0x4               binaries/meminit.o
marks               0x50              binaries/mark.o
currpid             0x4               binaries/initialize.o
Lf_data             0x20c             binaries/lfsinit.o
porttab             0x2d0             binaries/ptinit.o
ttytab              0x110             binaries/ttyinit.o
proctab             0x15e0            binaries/initialize.o
eth_a_regs          0x1c              binaries/ethinit.o
prcount             0x4               binaries/initialize.o
lfltab              0xf00             binaries/lflinit.o
rdstab              0x8c              binaries/rdsinit.o
ethertab            0x138             binaries/ethinit.o
NetData             0xb0              binaries/net.o
nmarks              0x4               binaries/mark.o
Defer               0x8               binaries/resched.o
semtab              0x4b0             binaries/initialize.o
maxheap             0x4               binaries/meminit.o
preempt             0x4               binaries/clkinit.o
buftab              0xf0              binaries/bufinit.o
Rf_data             0x18              binaries/rfsinit.o
mkmutex             0x4               binaries/mark.o
readSem             0x4               binaries/adcinit.o
clktime             0x4               binaries/clkinit.o
arpcache            0x140             binaries/arp.o
icmptab             0x230             binaries/icmp.o
nbpools             0x4               binaries/bufinit.o
queuetab            0x980             binaries/queue.o
ptnextid            0x4               binaries/ptinit.o
Ram                 0x19000           binaries/raminit.o
ipoqueue            0x2c              binaries/ip.o
memlist             0x8               binaries/initialize.o
nametab             0x19a0            binaries/naminit.o
ptfree              0x4               binaries/ptinit.o

Memory Configuration

Name             Origin             Length             Attributes
*default*        0x00000000         0xffffffff

Linker script and memory map

                0x81000000                physbase = 0x81000000
                0x81000000                . = physbase
                0x81000000                . = ALIGN (0x1000)

.text           0x81000000    0x17000
                0x81000000                text = ABSOLUTE (.)
 *(.text .text.*)
 .text          0x81000000       0x4c binaries/start.o
                0x81000000                start
 .text          0x8100004c      0x33c binaries/ascdate.o
                0x8100004c                ascdate
 .text          0x81000388       0x18 binaries/bufinit.o
                0x81000388                bufinit
 .text          0x810003a0       0x68 binaries/chprio.o
                0x810003a0                chprio
 .text          0x81000408       0xf0 binaries/clkhandler.o
                0x81000408                clkhandler
 .text          0x810004f8       0xd4 binaries/clkinit.o
                0x810004f8                clkinit
 .text          0x810005cc       0x50 binaries/close.o
                0x810005cc                close
 .text          0x8100061c        0x0 binaries/conf.o
 .text          0x8100061c       0x68 binaries/control.o
                0x8100061c                control
 .text          0x81000684      0x290 binaries/create.o
                0x81000684                create
 .text          0x81000914       0xb0 binaries/evec.o
                0x81000914                initintc
                0x81000940                set_evec
                0x81000980                irq_dispatch
 .text          0x810009c4       0x10 binaries/exit.o
                0x810009c4                exit
 .text          0x810009d4       0x7c binaries/freebuf.o
                0x810009d4                freebuf
 .text          0x81000a50      0x148 binaries/freemem.o
                0x81000a50                freemem
 .text          0x81000b98       0x78 binaries/getbuf.o
                0x81000b98                getbuf
 .text          0x81000c10       0x50 binaries/getc.o
                0x81000c10                getc
 .text          0x81000c60       0x68 binaries/getdev.o
                0x81000c60                getdev
 .text          0x81000cc8       0xa0 binaries/getitem.o
                0x81000cc8                getitem
                0x81000cf8                getfirst
                0x81000d2c                getlast
 .text          0x81000d68      0x108 binaries/getmem.o
                0x81000d68                getmem
 .text          0x81000e70       0x10 binaries/getpid.o
                0x81000e70                getpid
 .text          0x81000e80       0x5c binaries/getprio.o
                0x81000e80                getprio
 .text          0x81000edc       0xc8 binaries/getstk.o
                0x81000edc                getstk
 .text          0x81000fa4        0x8 binaries/getticks.o
                0x81000fa4                getticks
 .text          0x81000fac       0x38 binaries/gettime.o
                0x81000fac                gettime
 .text          0x81000fe4      0x1f4 binaries/getutime.o
                0x81000fe4                getutime
 .text          0x810011d8      0x140 binaries/gpio_v2.o
                0x810011d8                GPIOModuleReset
                0x810011f4                GPIOModuleEnable
                0x81001204                GPIOModuleDisable
                0x81001214                GPIODirModeSet
                0x81001230                GPIOPinWrite
                0x81001248                GPIOPinRead
                0x81001258                GPIO1ModuleClkConfig
                0x810012d8                GPIO1Pin23PinMuxSetup
                0x810012ec                GPIO1PinMuxSetup
                0x81001308                GpioPinMuxSetup
 .text          0x81001318       0x50 binaries/init.o
                0x81001318                init
 .text          0x81001368      0x2a4 binaries/initialize.o
                0x81001368                nulluser
                0x810015ac                stop
                0x810015d0                delay
 .text          0x8100160c       0xd0 binaries/insert.o
                0x8100160c                insert
 .text          0x810016dc      0x134 binaries/insertd.o
                0x810016dc                insertd
 .text          0x81001810        0x8 binaries/ioerr.o
                0x81001810                ioerr
 .text          0x81001818        0x8 binaries/ionull.o
                0x81001818                ionull
 .text          0x81001820      0x158 binaries/kill.o
                0x81001820                kill
 .text          0x81001978       0xb4 binaries/kprintf.o
                0x81001978                kputc
                0x810019b8                kgetc
                0x810019ec                kprintf
 .text          0x81001a2c       0xd0 binaries/main.o
                0x81001a2c                main
 .text          0x81001afc       0xd0 binaries/mark.o
                0x81001afc                markinit
                0x81001b28                mark
 .text          0x81001bcc       0x48 binaries/meminit.o
                0x81001bcc                meminit
 .text          0x81001c14      0x140 binaries/mkbufpool.o
                0x81001c14                mkbufpool
 .text          0x81001d54       0x7c binaries/newqueue.o
                0x81001d54                newqueue
 .text          0x81001dd0       0x60 binaries/open.o
                0x81001dd0                open
 .text          0x81001e30       0x20 binaries/panic.o
                0x81001e30                panic
 .text          0x81001e50       0xac binaries/platinit.o
                0x81001e50                counterinit
                0x81001e68                platinit
 .text          0x81001efc       0xa8 binaries/ptclear.o
                0x81001efc                _ptclear
 .text          0x81001fa4       0x78 binaries/ptcount.o
                0x81001fa4                ptcount
 .text          0x8100201c       0xdc binaries/ptcreate.o
                0x8100201c                ptcreate
 .text          0x810020f8       0x74 binaries/ptdelete.o
                0x810020f8                ptdelete
 .text          0x8100216c       0xbc binaries/ptinit.o
                0x8100216c                ptinit
 .text          0x81002228       0xd0 binaries/ptrecv.o
                0x81002228                ptrecv
 .text          0x810022f8       0x68 binaries/ptreset.o
                0x810022f8                ptreset
 .text          0x81002360       0xf4 binaries/ptsend.o
                0x81002360                ptsend
 .text          0x81002454       0x58 binaries/putc.o
                0x81002454                putc
 .text          0x810024ac       0xf4 binaries/queue.o
                0x810024ac                enqueue
                0x81002544                dequeue
 .text          0x810025a0       0x60 binaries/read.o
                0x810025a0                read
 .text          0x81002600       0x74 binaries/ready.o
                0x81002600                ready
 .text          0x81002674       0x60 binaries/receive.o
                0x81002674                receive
 .text          0x810026d4       0x48 binaries/recvclr.o
                0x810026d4                recvclr
 .text          0x8100271c       0xb0 binaries/recvtime.o
                0x8100271c                recvtime
 .text          0x810027cc      0x1ac binaries/resched.o
                0x810027cc                resched
                0x810028bc                resched_cntl
 .text          0x81002978       0x90 binaries/resume.o
                0x81002978                resume
 .text          0x81002a08       0x58 binaries/seek.o
                0x81002a08                seek
 .text          0x81002a60       0x58 binaries/semcount.o
                0x81002a60                semcount
 .text          0x81002ab8       0xb8 binaries/semcreate.o
                0x81002ab8                semcreate
 .text          0x81002b70       0xac binaries/semdelete.o
                0x81002b70                semdelete
 .text          0x81002c1c       0xa4 binaries/semreset.o
                0x81002c1c                semreset
 .text          0x81002cc0       0xc0 binaries/send.o
                0x81002cc0                send
 .text          0x81002d80       0x80 binaries/signal.o
                0x81002d80                signal
 .text          0x81002e00       0xb0 binaries/signaln.o
                0x81002e00                signaln
 .text          0x81002eb0       0xcc binaries/sleep.o
                0x81002eb0                sleepms
                0x81002f4c                sleep
 .text          0x81002f7c       0xbc binaries/suspend.o
                0x81002f7c                suspend
 .text          0x81003038       0xb8 binaries/unsleep.o
                0x81003038                unsleep
 .text          0x810030f0       0x10 binaries/userret.o
                0x810030f0                userret
 .text          0x81003100       0xac binaries/wait.o
                0x81003100                wait
 .text          0x810031ac       0xa0 binaries/wakeup.o
                0x810031ac                wakeup
 .text          0x8100324c       0x60 binaries/write.o
                0x8100324c                write
 .text          0x810032ac       0x18 binaries/xdone.o
                0x810032ac                xdone
 .text          0x810032c4       0x20 binaries/yield.o
                0x810032c4                yield
 .text          0x810032e4        0xc binaries/abs.o
                0x810032e4                abs
 .text          0x810032f0      0x114 binaries/atoi.o
                0x810032f0                atoi
 .text          0x81003404      0x114 binaries/atol.o
                0x81003404                atol
 .text          0x81003518       0x20 binaries/bzero.o
                0x81003518                bzero
 .text          0x81003538        0x0 binaries/ctype_.o
 .text          0x81003538      0xa34 binaries/doprnt.o
                0x81003758                _doprnt
 .text          0x81003f6c      0x704 binaries/doscan.o
                0x81003f6c                _doscan
 .text          0x81004670      0x898 binaries/fdoprnt.o
                0x8100471c                _fdoprnt
 .text          0x81004f08       0x14 binaries/fgetc.o
                0x81004f08                fgetc
 .text          0x81004f1c       0x84 binaries/fgets.o
                0x81004f1c                fgets
 .text          0x81004fa0       0x3c binaries/fprintf.o
                0x81004fa0                fprintf
 .text          0x81004fdc       0x24 binaries/fputc.o
                0x81004fdc                fputc
 .text          0x81005000       0x38 binaries/fputs.o
                0x81005000                fputs
 .text          0x81005038       0x78 binaries/fscanf.o
                0x8100506c                fscanf
 .text          0x810050b0       0x2c binaries/getchar.o
                0x810050b0                getchar
 .text          0x810050dc        0xc binaries/labs.o
                0x810050dc                labs
 .text          0x810050e8        0x0 binaries/memchr.o
 .text          0x810050e8       0x60 binaries/memcmp.o
                0x810050e8                memcmp
 .text          0x81005148       0x24 binaries/memcpy.o
                0x81005148                memcpy
 .text          0x8100516c       0x20 binaries/memset.o
                0x8100516c                memset
 .text          0x8100518c       0x58 binaries/printf.o
                0x8100518c                printf
 .text          0x810051e4       0x2c binaries/putchar.o
                0x810051e4                putchar
 .text          0x81005210      0x254 binaries/qsort.o
                0x81005444                qsort
 .text          0x81005464       0x7c binaries/rand.o
                0x81005464                rand
                0x8100549c                rand_r
                0x810054d0                srand
 .text          0x810054e0       0x68 binaries/sprintf.o
                0x810054f8                sprintf
 .text          0x81005548       0x78 binaries/sscanf.o
                0x8100557c                sscanf
 .text          0x810055c0       0x48 binaries/strchr.o
                0x810055c0                strchr
 .text          0x81005608       0x54 binaries/strcmp.o
                0x81005608                strcmp
 .text          0x8100565c       0x18 binaries/strcpy.o
                0x8100565c                strcpy
 .text          0x81005674       0x30 binaries/strlen.o
                0x81005674                strlen
 .text          0x810056a4       0x50 binaries/strncat.o
                0x810056a4                strncat
 .text          0x810056f4       0x54 binaries/strncmp.o
                0x810056f4                strncmp
 .text          0x81005748       0x80 binaries/strncpy.o
                0x81005748                strncpy
 .text          0x810057c8       0x48 binaries/strnlen.o
                0x810057c8                strnlen
 .text          0x81005810       0x58 binaries/strrchr.o
                0x81005810                strrchr
 .text          0x81005868       0xb0 binaries/strstr.o
                0x81005868                strstr
 .text          0x81005918       0xc8 binaries/ttycontrol.o
                0x81005918                ttycontrol
 .text          0x810059e0       0x6c binaries/ttygetc.o
                0x810059e0                ttygetc
 .text          0x81005a4c      0x4d8 binaries/ttyhandle_in.o
                0x81005b18                ttyhandle_in
 .text          0x81005f24      0x14c binaries/ttyhandle_out.o
                0x81005f24                ttyhandle_out
 .text          0x81006070       0xc8 binaries/ttyhandler.o
                0x81006070                ttyhandler
 .text          0x81006138      0x120 binaries/ttyinit.o
                0x81006138                ttyinit
 .text          0x81006258        0xc binaries/ttykickout.o
                0x81006258                ttykickout
 .text          0x81006264       0x78 binaries/ttyputc.o
                0x81006264                ttyputc
 .text          0x810062dc      0x110 binaries/ttyread.o
                0x810062dc                ttyread
 .text          0x810063ec       0x4c binaries/ttywrite.o
                0x810063ec                ttywrite
 .text          0x81006438      0x134 binaries/mount.o
                0x81006438                namlen
                0x8100648c                mount
 .text          0x8100656c      0x1c4 binaries/naminit.o
                0x8100656c                naminit
 .text          0x81006730      0x240 binaries/nammap.o
                0x81006730                namrepl
                0x81006868                namcpy
                0x810068c4                nammap
 .text          0x81006970       0x40 binaries/namopen.o
                0x81006970                namopen
 .text          0x810069b0       0x40 binaries/ethcontrol.o
                0x810069b0                ethcontrol
 .text          0x810069f0      0x178 binaries/ethhandler.o
                0x810069f0                ethhandler
 .text          0x81006b68      0x734 binaries/ethinit.o
                0x81006b68                eth_phy_read
                0x81006bd8                eth_phy_write
                0x81006c30                eth_phy_reset
                0x81006da0                ethinit
 .text          0x8100729c       0xd8 binaries/ethread.o
                0x8100729c                ethread
 .text          0x81007374       0xf0 binaries/ethwrite.o
                0x81007374                ethwrite
 .text          0x81007464       0x90 binaries/rdsbufalloc.o
                0x81007464                rdsbufalloc
 .text          0x810074f4       0xa0 binaries/rdsclose.o
                0x810074f4                rdsclose
 .text          0x81007594      0x20c binaries/rdscomm.o
                0x81007594                rdscomm
 .text          0x810077a0      0x190 binaries/rdscontrol.o
                0x810077a0                rdscontrol
 .text          0x81007930      0x134 binaries/rdsinit.o
                0x81007930                rdsinit
 .text          0x81007a64      0x134 binaries/rdsopen.o
                0x81007a64                rdsopen
 .text          0x81007b98      0x38c binaries/rdsprocess.o
                0x81007b98                rdsprocess
                0x81007e9c                rdsrun
 .text          0x81007f24      0x208 binaries/rdsread.o
                0x81007f24                rdsread
 .text          0x8100812c      0x17c binaries/rdswrite.o
                0x8100812c                rdswrite
 .text          0x810082a8        0x8 binaries/ramclose.o
                0x810082a8                ramclose
 .text          0x810082b0       0x3c binaries/raminit.o
                0x810082b0                raminit
 .text          0x810082ec        0x8 binaries/ramopen.o
                0x810082ec                ramopen
 .text          0x810082f4       0x24 binaries/ramread.o
                0x810082f4                ramread
 .text          0x81008318       0x20 binaries/ramwrite.o
                0x81008318                ramwrite
 .text          0x81008338       0x94 binaries/lfdballoc.o
                0x81008338                lfdballoc
 .text          0x810083cc       0x4c binaries/lfdbfree.o
                0x810083cc                lfdbfree
 .text          0x81008418       0xb8 binaries/lfflush.o
                0x81008418                lfflush
 .text          0x810084d0       0xc8 binaries/lfgetmode.o
                0x810084d0                lfgetmode
 .text          0x81008598       0x6c binaries/lfiballoc.o
                0x81008598                lfiballoc
 .text          0x81008604       0x30 binaries/lfibclear.o
                0x81008604                lfibclear
 .text          0x81008634       0x64 binaries/lfibget.o
                0x81008634                lfibget
 .text          0x81008698       0x8c binaries/lfibput.o
                0x81008698                lfibput
 .text          0x81008724       0x84 binaries/lflclose.o
                0x81008724                lflclose
 .text          0x810087a8       0xa0 binaries/lflcontrol.o
                0x810087a8                lflcontrol
 .text          0x81008848       0xa8 binaries/lflgetc.o
                0x81008848                lflgetc
 .text          0x810088f0       0xa8 binaries/lflinit.o
                0x810088f0                lflinit
 .text          0x81008998       0xdc binaries/lflputc.o
                0x81008998                lflputc
 .text          0x81008a74       0x78 binaries/lflread.o
                0x81008a74                lflread
 .text          0x81008aec       0x80 binaries/lflseek.o
                0x81008aec                lflseek
 .text          0x81008b6c       0x5c binaries/lflwrite.o
                0x81008b6c                lflwrite
 .text          0x81008bc8       0xa0 binaries/lfscheck.o
                0x81008bc8                lfscheck
 .text          0x81008c68      0x144 binaries/lfsckfmt.o
                0x81008c68                lfsckfmt
 .text          0x81008dac      0x15c binaries/lfscreate.o
                0x81008dac                lfscreate
 .text          0x81008f08      0x1f0 binaries/lfsetup.o
                0x81008f08                lfsetup
 .text          0x810090f8       0x44 binaries/lfsinit.o
                0x810090f8                lfsinit
 .text          0x8100913c      0x358 binaries/lfsopen.o
                0x8100913c                lfsopen
 .text          0x81009494      0x108 binaries/lftruncate.o
                0x81009494                lftruncate
 .text          0x8100959c       0x70 binaries/rflclose.o
                0x8100959c                rflclose
 .text          0x8100960c       0x28 binaries/rflgetc.o
                0x8100960c                rflgetc
 .text          0x81009634       0x54 binaries/rflinit.o
                0x81009634                rflinit
 .text          0x81009688       0x30 binaries/rflputc.o
                0x81009688                rflputc
 .text          0x810096b8      0x28c binaries/rflread.o
                0x810096b8                rflread
 .text          0x81009944       0x74 binaries/rflseek.o
                0x81009944                rflseek
 .text          0x810099b8      0x2c8 binaries/rflwrite.o
                0x810099b8                rflwrite
 .text          0x81009c80      0x198 binaries/rfscomm.o
                0x81009c80                rfscomm
 .text          0x81009e18      0x224 binaries/rfscontrol.o
                0x81009e18                rfscontrol
 .text          0x8100a03c       0xc8 binaries/rfsgetmode.o
                0x8100a03c                rfsgetmode
 .text          0x8100a104       0x84 binaries/rfsinit.o
                0x8100a104                rfsinit
 .text          0x8100a188       0xa4 binaries/rfsndmsg.o
                0x8100a188                rfsndmsg
 .text          0x8100a22c      0x22c binaries/rfsopen.o
                0x8100a22c                rfsopen
 .text          0x8100a458       0x8c binaries/spicontrol.o
                0x8100a458                spicontrol
 .text          0x8100a4e4       0xa8 binaries/spiinit.o
                0x8100a4e4                spiinit
 .text          0x8100a58c       0x4c binaries/adchandler.o
                0x8100a58c                adchandler
 .text          0x8100a5d8      0x728 binaries/adcinit.o
                0x8100a5d8                TestRegAddress
                0x8100a8cc                ADCConfigureAFEClock
                0x8100a904                ADCTSTransistorConfig
                0x8100a914                ADCStepConfigWriteProtect
                0x8100a930                ADCWorkModeConfigue
                0x8100a94c                ADCStepEnable
                0x8100a960                ADCStepDisable
                0x8100a974                ADCClearInterruptStatus
                0x8100a988                ADCEnableModual
                0x8100a998                ADCDisableModual
                0x8100a9a8                ADCStepAverge
                0x8100aa14                ADCStepOperationModeControl
                0x8100aa30                ADCStepConfig
                0x8100aaa0                ADCStepAnalogSupplyConfig
                0x8100aaf4                ADCStepAnalogGroundConfig
                0x8100ab64                StepConfig
                0x8100ac14                ADCConfigure
                0x8100ac74                ADCStepFIFOSelConfig
                0x8100ac94                ADCStepModeConfig
                0x8100acb4                ADCSetInterruptBit
                0x8100acc4                adcinit
 .text          0x8100ad00       0x74 binaries/adcread.o
                0x8100ad00                adcread
 .text          0x8100ad74      0x31c binaries/adcsysctrl.o
                0x8100ad74                InitialL4Clock
                0x8100aee0                InitializeADCClock
                0x8100aeec                InitialL3Clock
                0x8100b030                InitialADCInterrupt
 .text          0x8100b090       0x6c binaries/button2read.o
                0x8100b090                button2read
 .text          0x8100b0fc       0x6c binaries/buttonread.o
                0x8100b0fc                buttonread
 .text          0x8100b168       0x80 binaries/buzzerwrite.o
                0x8100b168                buzzerwrite
 .text          0x8100b1e8       0x80 binaries/ledwrite.o
                0x8100b1e8                ledwrite
 .text          0x8100b268       0x9c binaries/tmp36read.o
                0x8100b268                tmp36read
 .text          0x8100b304      0x714 binaries/arp.o
                0x8100b304                arp_init
                0x8100b324                arp_alloc
                0x8100b3f8                arp_ntoh
                0x8100b49c                arp_hton
                0x8100b540                arp_resolve
                0x8100b7a4                arp_in
 .text          0x8100ba18       0xc0 binaries/b2e.o
                0x8100ba18                sendEdge
                0x8100ba80                recvEdge
 .text          0x8100bad8      0x6b0 binaries/dhcp.o
                0x8100bad8                dhcp_get_opt_val
                0x8100bb38                dhcp_bld_bootp_msg
                0x8100bc30                dhcp_bld_disc
                0x8100bc84                dhcp_bld_req
                0x8100bd48                getlocalip
 .text          0x8100c188      0x56c binaries/dns.o
                0x8100c270                dnslookup
 .text          0x8100c6f4      0x120 binaries/dot2ip.o
                0x8100c6f4                dot2ip
 .text          0x8100c814      0x33c binaries/hexdump.o
                0x8100c814                hexdump
                0x8100c974                hexadump
 .text          0x8100cb50      0x660 binaries/icmp.o
                0x8100cb50                icmp_init
                0x8100cb74                icmp_register
                0x8100cc30                icmp_recv
                0x8100cd80                icmp_mkpkt
                0x8100ce70                icmp_in
                0x8100cfbc                icmp_send
                0x8100d02c                icmp_release
                0x8100d0e8                icmp_cksum
                0x8100d148                icmp_hton
                0x8100d17c                icmp_ntoh
 .text          0x8100d1b0      0x674 binaries/ip.o
                0x8100d1b0                ip_local
                0x8100d1e0                ipcksum
                0x8100d224                ip_ntoh
                0x8100d2c8                ip_in
                0x8100d404                ip_hton
                0x8100d4a8                ip_out
                0x8100d55c                ip_send
                0x8100d68c                ipout
                0x8100d788                ip_enqueue
 .text          0x8100d824      0x228 binaries/net.o
                0x8100d824                net_init
                0x8100d92c                eth_hton
                0x8100d940                eth_ntoh
                0x8100d954                netin
                0x8100d9fc                getport
 .text          0x8100da4c       0x7c binaries/netstart.o
                0x8100da4c                netstart
 .text          0x8100dac8      0x9dc binaries/pdump.o
                0x8100dac8                pdump
                0x8100e054                pdumph
 .text          0x8100e4a4      0x56c binaries/tftp.o
                0x8100e4a4                tftp_send1
                0x8100e590                tftpget_mb
                0x8100e9dc                tftpget
 .text          0x8100ea10      0x890 binaries/udp.o
                0x8100ea10                udp_init
                0x8100ea38                udp_in
                0x8100eb24                udp_register
                0x8100ec20                udp_recv
                0x8100ed54                udp_recvaddr
                0x8100eea4                udp_send
                0x8100f01c                udp_sendto
                0x8100f17c                udp_release
                0x8100f238                udp_ntoh
                0x8100f26c                udp_hton
 .text          0x8100f2a0      0x120 binaries/addargs.o
                0x8100f2a0                addargs
 .text          0x8100f3c0      0x2b4 binaries/lexan.o
                0x8100f3c0                lexan
 .text          0x8100f674      0x6ac binaries/shell.o
                0x8100f674                shell
 .text          0x8100fd20       0x64 binaries/xsh_argecho.o
                0x8100fd20                xsh_argecho
 .text          0x8100fd84      0x1f8 binaries/xsh_arp.o
                0x8100fd84                xsh_arp
 .text          0x8100ff7c      0x23c binaries/xsh_cat.o
                0x8100ff7c                xsh_cat
 .text          0x810101b8       0x5c binaries/xsh_clear.o
                0x810101b8                xsh_clear
 .text          0x81010214      0x29c binaries/xsh_date.o
                0x81010214                xsh_date
 .text          0x810104b0       0x98 binaries/xsh_devdump.o
                0x810104b0                xsh_devdump
 .text          0x81010548       0x68 binaries/xsh_echo.o
                0x81010548                xsh_echo
 .text          0x810105b0        0x8 binaries/xsh_exit.o
                0x810105b0                xsh_exit
 .text          0x810105b8      0x3d0 binaries/xsh_help.o
                0x810105b8                xsh_help
 .text          0x81010988      0x1f8 binaries/xsh_kill.o
                0x81010988                xsh_kill
 .text          0x81010b80      0x490 binaries/xsh_memdump.o
                0x81010c7c                xsh_memdump
 .text          0x81011010      0x224 binaries/xsh_memstat.o
                0x81011010                xsh_memstat
 .text          0x81011234      0x3fc binaries/xsh_netinfo.o
                0x81011234                xsh_netinfo
 .text          0x81011630      0x3b0 binaries/xsh_ping.o
                0x81011630                xsh_ping
 .text          0x810119e0      0x220 binaries/xsh_ps.o
                0x810119e0                xsh_ps
 .text          0x81011c00      0x1cc binaries/xsh_sleep.o
                0x81011c00                xsh_sleep
 .text          0x81011dcc      0x244 binaries/xsh_udpdump.o
                0x81011dcc                xsh_udpdump
 .text          0x81012010      0x400 binaries/xsh_udpecho.o
                0x81012010                xsh_udpecho
 .text          0x81012410      0x254 binaries/xsh_udpserver.o
                0x81012410                xsh_udpeserver
 .text          0x81012664      0x1ac binaries/xsh_uptime.o
                0x81012664                xsh_uptime
 .text          0x81012810       0x2c binaries/ctxsw.o
                0x81012810                ctxsw
 .text          0x8101283c      0x100 binaries/intr.o
                0x8101283c                disable
                0x81012848                restore
                0x8101286c                enable
                0x81012874                pause
                0x81012874                halt
                0x8101287c                irq_except
                0x810128ac                initevec
                0x8101290c                expjmpinstr
 .text          0x8101293c      0x114 ../cross_compiler/lib/gcc/arm-none-eabi/4.8.1//libgcc.a(_udivsi3.o)
                0x8101293c                __udivsi3
                0x8101293c                __aeabi_uidiv
                0x81012a30                __aeabi_uidivmod
 .text          0x81012a50      0x148 ../cross_compiler/lib/gcc/arm-none-eabi/4.8.1//libgcc.a(_divsi3.o)
                0x81012a50                __aeabi_idiv
                0x81012a50                __divsi3
                0x81012b78                __aeabi_idivmod
 .text          0x81012b98        0x4 ../cross_compiler/lib/gcc/arm-none-eabi/4.8.1//libgcc.a(_dvmd_tls.o)
                0x81012b98                __aeabi_ldiv0
                0x81012b98                __aeabi_idiv0
 .text          0x81012b9c      0x41c ../cross_compiler/lib/gcc/arm-none-eabi/4.8.1//libgcc.a(_arm_addsubdf3.o)
                0x81012b9c                __aeabi_drsub
                0x81012ba4                __aeabi_dsub
                0x81012ba4                __subdf3
                0x81012ba8                __adddf3
                0x81012ba8                __aeabi_dadd
                0x81012eb8                __aeabi_ui2d
                0x81012eb8                __floatunsidf
                0x81012edc                __floatsidf
                0x81012edc                __aeabi_i2d
                0x81012f04                __extendsfdf2
                0x81012f04                __aeabi_f2d
                0x81012f44                __aeabi_ul2d
                0x81012f44                __floatundidf
                0x81012f58                __floatdidf
                0x81012f58                __aeabi_l2d
 .text          0x81012fb8      0x49c ../cross_compiler/lib/gcc/arm-none-eabi/4.8.1//libgcc.a(_arm_muldivdf3.o)
                0x81012fb8                __aeabi_dmul
                0x81012fb8                __muldf3
                0x81013248                __aeabi_ddiv
                0x81013248                __divdf3
 .text          0x81013454      0x144 ../cross_compiler/lib/gcc/arm-none-eabi/4.8.1//libgcc.a(_arm_cmpdf2.o)
                0x81013454                __gtdf2
                0x81013454                __gedf2
                0x8101345c                __ltdf2
                0x8101345c                __ledf2
                0x81013464                __cmpdf2
                0x81013464                __eqdf2
                0x81013464                __nedf2
                0x810134ec                __aeabi_cdrcmple
                0x81013508                __aeabi_cdcmple
                0x81013508                __aeabi_cdcmpeq
                0x81013520                __aeabi_dcmpeq
                0x81013538                __aeabi_dcmplt
                0x81013550                __aeabi_dcmple
                0x81013568                __aeabi_dcmpge
                0x81013580                __aeabi_dcmpgt
 .text          0x81013598       0x5c ../cross_compiler/lib/gcc/arm-none-eabi/4.8.1//libgcc.a(_arm_fixdfsi.o)
                0x81013598                __fixdfsi
                0x81013598                __aeabi_d2iz
 .text          0x810135f4       0xa0 ../cross_compiler/lib/gcc/arm-none-eabi/4.8.1//libgcc.a(_arm_truncdfsf2.o)
                0x810135f4                __aeabi_d2f
                0x810135f4                __truncdfsf2
 .text          0x81013694      0x2ac ../cross_compiler/lib/gcc/arm-none-eabi/4.8.1//libgcc.a(_arm_addsubsf3.o)
                0x81013694                __aeabi_frsub
                0x8101369c                __subsf3
                0x8101369c                __aeabi_fsub
                0x810136a0                __aeabi_fadd
                0x810136a0                __addsf3
                0x8101385c                __aeabi_ui2f
                0x8101385c                __floatunsisf
                0x81013864                __aeabi_i2f
                0x81013864                __floatsisf
                0x81013884                __floatundisf
                0x81013884                __aeabi_ul2f
                0x81013894                __floatdisf
                0x81013894                __aeabi_l2f
 .text          0x81013940      0x2f8 ../cross_compiler/lib/gcc/arm-none-eabi/4.8.1//libgcc.a(_arm_muldivsf3.o)
                0x81013940                __mulsf3
                0x81013940                __aeabi_fmul
                0x81013ad8                __divsf3
                0x81013ad8                __aeabi_fdiv
 .text          0x81013c38       0x54 ../cross_compiler/lib/gcc/arm-none-eabi/4.8.1//libgcc.a(_arm_fixunssfsi.o)
                0x81013c38                __aeabi_f2uiz
                0x81013c38                __fixunssfsi
 *(.rodata .rodata.*)
 .rodata.str1.4
                0x81013c8c       0x78 binaries/ascdate.o
 .rodata.str1.4
                0x81013d04      0x103 binaries/conf.o
                                0x104 (size before relaxing)
 *fill*         0x81013e07        0x1 
 .rodata.str1.4
                0x81013e08       0x61 binaries/getutime.o
                                 0x64 (size before relaxing)
 *fill*         0x81013e69        0x3 
 .rodata.str1.4
                0x81013e6c      0x128 binaries/initialize.o
                                0x12c (size before relaxing)
 .rodata.str1.4
                0x81013f94       0x48 binaries/main.o
 .rodata.str1.4
                0x81013fdc        0xf binaries/panic.o
                                 0x10 (size before relaxing)
 *fill*         0x81013feb        0x1 
 .rodata.str1.4
                0x81013fec       0x1d binaries/ptinit.o
                                 0x20 (size before relaxing)
 *fill*         0x81014009        0x3 
 .rodata.str1.4
                0x8101400c       0x25 binaries/ptsend.o
                                 0x28 (size before relaxing)
 *fill*         0x81014031        0x3 
 .rodata.str1.4
                0x81014034       0x27 binaries/xdone.o
                                 0x28 (size before relaxing)
 *fill*         0x8101405b        0x1 
 .rodata        0x8101405c       0x84 binaries/ctype_.o
                0x8101405c                _ctype_
 .rodata.str1.4
                0x810140e0       0x2f binaries/doprnt.o
                                 0x30 (size before relaxing)
 .rodata.str1.4
                0x00000000       0x30 binaries/fdoprnt.o
 *fill*         0x8101410f        0x1 
 .rodata.str1.4
                0x81014110       0x86 binaries/naminit.o
                                 0x90 (size before relaxing)
 *fill*         0x81014196        0x2 
 .rodata.str1.4
                0x81014198       0xe5 binaries/ethinit.o
                                 0xe8 (size before relaxing)
 *fill*         0x8101427d        0x3 
 .rodata.str1.4
                0x81014280       0x12 binaries/ethread.o
                                 0x14 (size before relaxing)
 *fill*         0x81014292        0x2 
 .rodata.str1.4
                0x81014294       0x2c binaries/rdsbufalloc.o
 .rodata.str1.4
                0x810142c0       0x76 binaries/rdscomm.o
                                 0x78 (size before relaxing)
 *fill*         0x81014336        0x2 
 .rodata.str1.4
                0x81014338       0x48 binaries/rdscontrol.o
 .rodata.str1.4
                0x81014380       0x6a binaries/rdsinit.o
                                 0x6c (size before relaxing)
 *fill*         0x810143ea        0x2 
 .rodata.str1.4
                0x810143ec       0x22 binaries/rdsopen.o
                                 0x24 (size before relaxing)
 *fill*         0x8101440e        0x2 
 .rodata.str1.4
                0x81014410       0x7a binaries/rdsprocess.o
                                 0x7c (size before relaxing)
 *fill*         0x8101448a        0x2 
 .rodata.str1.4
                0x8101448c        0x9 binaries/raminit.o
                                  0xc (size before relaxing)
 *fill*         0x81014495        0x3 
 .rodata.str1.4
                0x81014498       0x37 binaries/lfdballoc.o
                                 0x38 (size before relaxing)
 *fill*         0x810144cf        0x1 
 .rodata.str1.4
                0x810144d0       0x14 binaries/lfiballoc.o
 .rodata.str1.4
                0x810144e4       0x23 binaries/lflcontrol.o
                                 0x24 (size before relaxing)
 *fill*         0x81014507        0x1 
 .rodata.str1.4
                0x81014508      0x11f binaries/lfsckfmt.o
                                0x120 (size before relaxing)
 *fill*         0x81014627        0x1 
 .rodata.str1.4
                0x81014628       0x2a binaries/lfsopen.o
                                 0x2c (size before relaxing)
 *fill*         0x81014652        0x2 
 .rodata.str1.4
                0x81014654       0x21 binaries/rflread.o
                                 0x24 (size before relaxing)
 .rodata.str1.4
                0x00000000       0x24 binaries/rflwrite.o
 *fill*         0x81014675        0x3 
 .rodata.str1.4
                0x81014678       0x75 binaries/rfscomm.o
                                 0x78 (size before relaxing)
 *fill*         0x810146ed        0x3 
 .rodata.str1.4
                0x810146f0       0x23 binaries/rfscontrol.o
                                 0x24 (size before relaxing)
 *fill*         0x81014713        0x1 
 .rodata.str1.4
                0x81014714       0x63 binaries/rfsinit.o
                                 0x64 (size before relaxing)
 *fill*         0x81014777        0x1 
 .rodata.str1.4
                0x81014778       0x2a binaries/rfsndmsg.o
                                 0x2c (size before relaxing)
 .rodata.str1.4
                0x00000000       0x24 binaries/rfsopen.o
 *fill*         0x810147a2        0x2 
 .rodata.str1.4
                0x810147a4      0x2d3 binaries/adcinit.o
                                0x2d4 (size before relaxing)
 *fill*         0x81014a77        0x1 
 .rodata.str1.4
                0x81014a78       0x3d binaries/arp.o
                                 0x40 (size before relaxing)
 *fill*         0x81014ab5        0x3 
 .rodata.str1.4
                0x81014ab8       0xd3 binaries/dhcp.o
                                 0xd4 (size before relaxing)
 *fill*         0x81014b8b        0x1 
 .rodata.str1.4
                0x81014b8c       0x1a binaries/dns.o
                                 0x1c (size before relaxing)
 *fill*         0x81014ba6        0x2 
 .rodata.str1.4
                0x81014ba8       0xca binaries/hexdump.o
                                 0xd8 (size before relaxing)
 *fill*         0x81014c72        0x2 
 .rodata.str1.4
                0x81014c74       0x29 binaries/icmp.o
                                 0x2c (size before relaxing)
 *fill*         0x81014c9d        0x3 
 .rodata.str1.4
                0x81014ca0       0x6e binaries/ip.o
                                 0x70 (size before relaxing)
 *fill*         0x81014d0e        0x2 
 .rodata.str1.4
                0x81014d10       0x53 binaries/net.o
                                 0x54 (size before relaxing)
 *fill*         0x81014d63        0x1 
 .rodata.str1.4
                0x81014d64       0x5c binaries/netstart.o
 .rodata.str1.4
                0x81014dc0      0x292 binaries/pdump.o
                                0x298 (size before relaxing)
 *fill*         0x81015052        0x2 
 .rodata.str1.4
                0x81015054      0x154 binaries/tftp.o
                                0x158 (size before relaxing)
 .rodata        0x810151a8       0xfc binaries/shell.o
                0x810151a8                cmdtab
 .rodata.str1.4
                0x810152a4      0x2e6 binaries/shell.o
                                0x2f0 (size before relaxing)
 *fill*         0x8101558a        0x2 
 .rodata.str1.4
                0x8101558c       0x29 binaries/xsh_argecho.o
                                 0x30 (size before relaxing)
 *fill*         0x810155b5        0x3 
 .rodata.str1.4
                0x810155b8      0x13e binaries/xsh_arp.o
                                0x144 (size before relaxing)
 *fill*         0x810156f6        0x2 
 .rodata.str1.4
                0x810156f8       0x81 binaries/xsh_cat.o
                                 0xd4 (size before relaxing)
 *fill*         0x81015779        0x3 
 .rodata.str1.4
                0x8101577c       0x19 binaries/xsh_clear.o
                                 0x1c (size before relaxing)
 *fill*         0x81015795        0x3 
 .rodata.str1.4
                0x81015798      0x1af binaries/xsh_date.o
                                0x1cc (size before relaxing)
 *fill*         0x81015947        0x1 
 .rodata.str1.4
                0x81015948       0x61 binaries/xsh_devdump.o
                                 0x64 (size before relaxing)
 *fill*         0x810159a9        0x3 
 .rodata.str1.4
                0x810159ac        0x8 binaries/xsh_echo.o
                                  0xc (size before relaxing)
 .rodata.str1.4
                0x810159b4       0xe7 binaries/xsh_help.o
                                0x17c (size before relaxing)
 *fill*         0x81015a9b        0x1 
 .rodata.str1.4
                0x81015a9c       0xc8 binaries/xsh_kill.o
                                0x138 (size before relaxing)
 .rodata.str1.4
                0x81015b64      0x226 binaries/xsh_memdump.o
                                0x27c (size before relaxing)
 *fill*         0x81015d8a        0x2 
 .rodata.str1.4
                0x81015d8c      0x1cc binaries/xsh_memstat.o
                                0x234 (size before relaxing)
 .rodata.str1.4
                0x81015f58      0x10f binaries/xsh_netinfo.o
                                0x1cc (size before relaxing)
 *fill*         0x81016067        0x1 
 .rodata.str1.4
                0x81016068      0x13f binaries/xsh_ping.o
                                0x1b4 (size before relaxing)
 *fill*         0x810161a7        0x1 
 .rodata        0x810161a8       0x20 binaries/xsh_ps.o
 .rodata.str1.4
                0x810161c8      0x11a binaries/xsh_ps.o
                                0x1d4 (size before relaxing)
 *fill*         0x810162e2        0x2 
 .rodata.str1.4
                0x810162e4       0x5e binaries/xsh_sleep.o
                                 0xf8 (size before relaxing)
 *fill*         0x81016342        0x2 
 .rodata        0x81016344        0xc binaries/xsh_udpdump.o
 .rodata.str1.4
                0x81016350      0x122 binaries/xsh_udpdump.o
                                0x1e0 (size before relaxing)
 *fill*         0x81016472        0x2 
 .rodata.str1.4
                0x81016474      0x1ae binaries/xsh_udpecho.o
                                0x224 (size before relaxing)
 *fill*         0x81016622        0x2 
 .rodata.str1.4
                0x81016624       0x97 binaries/xsh_udpserver.o
                                0x13c (size before relaxing)
 *fill*         0x810166bb        0x1 
 .rodata.str1.4
                0x810166bc       0x78 binaries/xsh_uptime.o
                                0x114 (size before relaxing)
                0x81016734                etext = ABSOLUTE (.)
                0x81017000                . = ALIGN (0x1000)
 *fill*         0x81016734      0x8cc 

.glue_7         0x81017000        0x0
 .glue_7        0x00000000        0x0 linker stubs

.glue_7t        0x81017000        0x0
 .glue_7t       0x00000000        0x0 linker stubs

.vfp11_veneer   0x81017000        0x0
 .vfp11_veneer  0x00000000        0x0 linker stubs

.v4_bx          0x81017000        0x0
 .v4_bx         0x00000000        0x0 linker stubs

.iplt           0x81017000        0x0
 .iplt          0x00000000        0x0 binaries/start.o

.rel.dyn        0x81017000        0x0
 .rel.iplt      0x00000000        0x0 binaries/start.o

.data           0x81017000     0x1000
                0x81017000                data = ABSOLUTE (.)
 *(.data .data.*)
 .data          0x81017000        0x0 binaries/start.o
 .data          0x81017000       0x88 binaries/ascdate.o
                0x81017000                Date
 .data          0x81017088        0x0 binaries/bufinit.o
 .data          0x81017088        0x0 binaries/chprio.o
 .data          0x81017088        0x4 binaries/clkhandler.o
 .data          0x8101708c        0x0 binaries/clkinit.o
 .data          0x8101708c        0x0 binaries/close.o
 .data          0x8101708c      0x780 binaries/conf.o
                0x8101708c                devtab
 .data          0x8101780c        0x0 binaries/control.o
 .data          0x8101780c        0x4 binaries/create.o
 .data          0x81017810       0x40 binaries/evec.o
                0x81017810                expmsg2
                0x81017824                expmsg1
 .data          0x81017850        0x0 binaries/exit.o
 .data          0x81017850        0x0 binaries/freebuf.o
 .data          0x81017850        0x0 binaries/freemem.o
 .data          0x81017850        0x0 binaries/getbuf.o
 .data          0x81017850        0x0 binaries/getc.o
 .data          0x81017850        0x0 binaries/getdev.o
 .data          0x81017850        0x0 binaries/getitem.o
 .data          0x81017850        0x0 binaries/getmem.o
 .data          0x81017850        0x0 binaries/getpid.o
 .data          0x81017850        0x0 binaries/getprio.o
 .data          0x81017850        0x0 binaries/getstk.o
 .data          0x81017850        0x0 binaries/getticks.o
 .data          0x81017850        0x0 binaries/gettime.o
 .data          0x81017850        0x0 binaries/getutime.o
 .data          0x81017850        0x0 binaries/gpio_v2.o
 .data          0x81017850        0x0 binaries/init.o
 .data          0x81017850        0x0 binaries/initialize.o
 .data          0x81017850        0x0 binaries/insert.o
 .data          0x81017850        0x0 binaries/insertd.o
 .data          0x81017850        0x0 binaries/ioerr.o
 .data          0x81017850        0x0 binaries/ionull.o
 .data          0x81017850        0x0 binaries/kill.o
 .data          0x81017850        0x0 binaries/kprintf.o
 .data          0x81017850        0x0 binaries/main.o
 .data          0x81017850        0x0 binaries/mark.o
 .data          0x81017850        0x0 binaries/meminit.o
 .data          0x81017850        0x0 binaries/mkbufpool.o
 .data          0x81017850        0x2 binaries/newqueue.o
 .data          0x81017852        0x0 binaries/open.o
 .data          0x81017852        0x0 binaries/panic.o
 .data          0x81017852        0x0 binaries/platinit.o
 .data          0x81017852        0x0 binaries/ptclear.o
 .data          0x81017852        0x0 binaries/ptcount.o
 .data          0x81017852        0x0 binaries/ptcreate.o
 .data          0x81017852        0x0 binaries/ptdelete.o
 .data          0x81017852        0x0 binaries/ptinit.o
 .data          0x81017852        0x0 binaries/ptrecv.o
 .data          0x81017852        0x0 binaries/ptreset.o
 .data          0x81017852        0x0 binaries/ptsend.o
 .data          0x81017852        0x0 binaries/putc.o
 .data          0x81017852        0x0 binaries/queue.o
 .data          0x81017852        0x0 binaries/read.o
 .data          0x81017852        0x0 binaries/ready.o
 .data          0x81017852        0x0 binaries/receive.o
 .data          0x81017852        0x0 binaries/recvclr.o
 .data          0x81017852        0x0 binaries/recvtime.o
 .data          0x81017852        0x0 binaries/resched.o
 .data          0x81017852        0x0 binaries/resume.o
 .data          0x81017852        0x0 binaries/seek.o
 .data          0x81017852        0x0 binaries/semcount.o
 .data          0x81017852        0x0 binaries/semcreate.o
 .data          0x81017852        0x0 binaries/semdelete.o
 .data          0x81017852        0x0 binaries/semreset.o
 .data          0x81017852        0x0 binaries/send.o
 .data          0x81017852        0x0 binaries/signal.o
 .data          0x81017852        0x0 binaries/signaln.o
 .data          0x81017852        0x0 binaries/sleep.o
 .data          0x81017852        0x0 binaries/suspend.o
 .data          0x81017852        0x0 binaries/unsleep.o
 .data          0x81017852        0x0 binaries/userret.o
 .data          0x81017852        0x0 binaries/wait.o
 .data          0x81017852        0x0 binaries/wakeup.o
 .data          0x81017852        0x0 binaries/write.o
 .data          0x81017852        0x0 binaries/xdone.o
 .data          0x81017852        0x0 binaries/yield.o
 .data          0x81017852        0x0 binaries/abs.o
 .data          0x81017852        0x0 binaries/atoi.o
 .data          0x81017852        0x0 binaries/atol.o
 .data          0x81017852        0x0 binaries/bzero.o
 .data          0x81017852        0x0 binaries/ctype_.o
 .data          0x81017852        0x0 binaries/doprnt.o
 *fill*         0x81017852        0x2 
 .data          0x81017854       0x80 binaries/doscan.o
                0x81017854                _sctab
 .data          0x810178d4        0x0 binaries/fdoprnt.o
 .data          0x810178d4        0x0 binaries/fgetc.o
 .data          0x810178d4        0x0 binaries/fgets.o
 .data          0x810178d4        0x0 binaries/fprintf.o
 .data          0x810178d4        0x0 binaries/fputc.o
 .data          0x810178d4        0x0 binaries/fputs.o
 .data          0x810178d4        0x0 binaries/fscanf.o
 .data          0x810178d4        0x0 binaries/getchar.o
 .data          0x810178d4        0x0 binaries/labs.o
 .data          0x810178d4        0x0 binaries/memchr.o
 .data          0x810178d4        0x0 binaries/memcmp.o
 .data          0x810178d4        0x0 binaries/memcpy.o
 .data          0x810178d4        0x0 binaries/memset.o
 .data          0x810178d4        0x0 binaries/printf.o
 .data          0x810178d4        0x0 binaries/putchar.o
 .data          0x810178d4        0x0 binaries/qsort.o
 .data          0x810178d4        0x4 binaries/rand.o
 .data          0x810178d8        0x0 binaries/sprintf.o
 .data          0x810178d8        0x0 binaries/sscanf.o
 .data          0x810178d8        0x0 binaries/strchr.o
 .data          0x810178d8        0x0 binaries/strcmp.o
 .data          0x810178d8        0x0 binaries/strcpy.o
 .data          0x810178d8        0x0 binaries/strlen.o
 .data          0x810178d8        0x0 binaries/strncat.o
 .data          0x810178d8        0x0 binaries/strncmp.o
 .data          0x810178d8        0x0 binaries/strncpy.o
 .data          0x810178d8        0x0 binaries/strnlen.o
 .data          0x810178d8        0x0 binaries/strrchr.o
 .data          0x810178d8        0x0 binaries/strstr.o
 .data          0x810178d8        0x0 binaries/ttycontrol.o
 .data          0x810178d8        0x0 binaries/ttygetc.o
 .data          0x810178d8        0x0 binaries/ttyhandle_in.o
 .data          0x810178d8        0x0 binaries/ttyhandle_out.o
 .data          0x810178d8        0x0 binaries/ttyhandler.o
 .data          0x810178d8        0x0 binaries/ttyinit.o
 .data          0x810178d8        0x0 binaries/ttykickout.o
 .data          0x810178d8        0x0 binaries/ttyputc.o
 .data          0x810178d8        0x0 binaries/ttyread.o
 .data          0x810178d8        0x0 binaries/ttywrite.o
 .data          0x810178d8        0x0 binaries/mount.o
 .data          0x810178d8        0x0 binaries/naminit.o
 .data          0x810178d8        0x0 binaries/nammap.o
 .data          0x810178d8        0x0 binaries/namopen.o
 .data          0x810178d8        0x0 binaries/ethcontrol.o
 .data          0x810178d8        0x0 binaries/ethhandler.o
 .data          0x810178d8        0x0 binaries/ethinit.o
 .data          0x810178d8        0x0 binaries/ethread.o
 .data          0x810178d8        0x0 binaries/ethwrite.o
 .data          0x810178d8        0x0 binaries/rdsbufalloc.o
 .data          0x810178d8        0x0 binaries/rdsclose.o
 .data          0x810178d8        0x0 binaries/rdscomm.o
 .data          0x810178d8        0x0 binaries/rdscontrol.o
 .data          0x810178d8        0x0 binaries/rdsinit.o
 .data          0x810178d8        0x0 binaries/rdsopen.o
 .data          0x810178d8        0x0 binaries/rdsprocess.o
 .data          0x810178d8        0x0 binaries/rdsread.o
 .data          0x810178d8        0x0 binaries/rdswrite.o
 .data          0x810178d8        0x0 binaries/ramclose.o
 .data          0x810178d8        0x0 binaries/raminit.o
 .data          0x810178d8        0x0 binaries/ramopen.o
 .data          0x810178d8        0x0 binaries/ramread.o
 .data          0x810178d8        0x0 binaries/ramwrite.o
 .data          0x810178d8        0x0 binaries/lfdballoc.o
 .data          0x810178d8        0x0 binaries/lfdbfree.o
 .data          0x810178d8        0x0 binaries/lfflush.o
 .data          0x810178d8        0x0 binaries/lfgetmode.o
 .data          0x810178d8        0x0 binaries/lfiballoc.o
 .data          0x810178d8        0x0 binaries/lfibclear.o
 .data          0x810178d8        0x0 binaries/lfibget.o
 .data          0x810178d8        0x0 binaries/lfibput.o
 .data          0x810178d8        0x0 binaries/lflclose.o
 .data          0x810178d8        0x0 binaries/lflcontrol.o
 .data          0x810178d8        0x0 binaries/lflgetc.o
 .data          0x810178d8        0x0 binaries/lflinit.o
 .data          0x810178d8        0x0 binaries/lflputc.o
 .data          0x810178d8        0x0 binaries/lflread.o
 .data          0x810178d8        0x0 binaries/lflseek.o
 .data          0x810178d8        0x0 binaries/lflwrite.o
 .data          0x810178d8        0x0 binaries/lfscheck.o
 .data          0x810178d8        0x0 binaries/lfsckfmt.o
 .data          0x810178d8        0x0 binaries/lfscreate.o
 .data          0x810178d8        0x0 binaries/lfsetup.o
 .data          0x810178d8        0x0 binaries/lfsinit.o
 .data          0x810178d8        0x0 binaries/lfsopen.o
 .data          0x810178d8        0x0 binaries/lftruncate.o
 .data          0x810178d8        0x0 binaries/rflclose.o
 .data          0x810178d8        0x0 binaries/rflgetc.o
 .data          0x810178d8        0x0 binaries/rflinit.o
 .data          0x810178d8        0x0 binaries/rflputc.o
 .data          0x810178d8        0x0 binaries/rflread.o
 .data          0x810178d8        0x0 binaries/rflseek.o
 .data          0x810178d8        0x0 binaries/rflwrite.o
 .data          0x810178d8        0x0 binaries/rfscomm.o
 .data          0x810178d8        0x0 binaries/rfscontrol.o
 .data          0x810178d8        0x0 binaries/rfsgetmode.o
 .data          0x810178d8        0x0 binaries/rfsinit.o
 .data          0x810178d8        0x0 binaries/rfsndmsg.o
 .data          0x810178d8        0x0 binaries/rfsopen.o
 .data          0x810178d8        0x0 binaries/spicontrol.o
 .data          0x810178d8        0x0 binaries/spiinit.o
 .data          0x810178d8        0x0 binaries/adchandler.o
 .data          0x810178d8        0x0 binaries/adcinit.o
 .data          0x810178d8        0x0 binaries/adcread.o
 .data          0x810178d8        0x0 binaries/adcsysctrl.o
 .data          0x810178d8        0x0 binaries/button2read.o
 .data          0x810178d8        0x0 binaries/buttonread.o
 .data          0x810178d8        0x0 binaries/buzzerwrite.o
 .data          0x810178d8        0x0 binaries/ledwrite.o
 .data          0x810178d8        0x4 binaries/tmp36read.o
                0x810178d8                adc_channel
 .data          0x810178dc        0x0 binaries/arp.o
 .data          0x810178dc        0x0 binaries/b2e.o
 .data          0x810178dc        0x0 binaries/dhcp.o
 .data          0x810178dc        0x0 binaries/dns.o
 .data          0x810178dc        0x0 binaries/dot2ip.o
 .data          0x810178dc        0x0 binaries/hexdump.o
 .data          0x810178dc        0x4 binaries/icmp.o
 .data          0x810178e0        0x0 binaries/ip.o
 .data          0x810178e0        0x0 binaries/net.o
 .data          0x810178e0        0x0 binaries/netstart.o
 .data          0x810178e0        0x0 binaries/pdump.o
 .data          0x810178e0        0x0 binaries/tftp.o
 .data          0x810178e0        0x4 binaries/udp.o
 .data          0x810178e4        0x0 binaries/addargs.o
 .data          0x810178e4        0x0 binaries/lexan.o
 .data          0x810178e4        0x4 binaries/shell.o
                0x810178e4                ncmd
 .data          0x810178e8        0x0 binaries/xsh_argecho.o
 .data          0x810178e8        0x0 binaries/xsh_arp.o
 .data          0x810178e8        0x0 binaries/xsh_cat.o
 .data          0x810178e8        0x0 binaries/xsh_clear.o
 .data          0x810178e8        0x0 binaries/xsh_date.o
 .data          0x810178e8        0x0 binaries/xsh_devdump.o
 .data          0x810178e8        0x0 binaries/xsh_echo.o
 .data          0x810178e8        0x0 binaries/xsh_exit.o
 .data          0x810178e8        0x0 binaries/xsh_help.o
 .data          0x810178e8        0x0 binaries/xsh_kill.o
 .data          0x810178e8        0x0 binaries/xsh_memdump.o
 .data          0x810178e8        0x0 binaries/xsh_memstat.o
 .data          0x810178e8        0x0 binaries/xsh_netinfo.o
 .data          0x810178e8        0x0 binaries/xsh_ping.o
 .data          0x810178e8        0x0 binaries/xsh_ps.o
 .data          0x810178e8        0x0 binaries/xsh_sleep.o
 .data          0x810178e8        0x0 binaries/xsh_udpdump.o
 .data          0x810178e8        0x0 binaries/xsh_udpecho.o
 .data          0x810178e8        0x0 binaries/xsh_udpserver.o
 .data          0x810178e8        0x0 binaries/xsh_uptime.o
 .data          0x810178e8        0x0 binaries/ctxsw.o
 .data          0x810178e8        0x0 binaries/intr.o
 .data          0x810178e8        0x0 ../cross_compiler/lib/gcc/arm-none-eabi/4.8.1//libgcc.a(_udivsi3.o)
 .data          0x810178e8        0x0 ../cross_compiler/lib/gcc/arm-none-eabi/4.8.1//libgcc.a(_divsi3.o)
 .data          0x810178e8        0x0 ../cross_compiler/lib/gcc/arm-none-eabi/4.8.1//libgcc.a(_dvmd_tls.o)
 .data          0x810178e8        0x0 ../cross_compiler/lib/gcc/arm-none-eabi/4.8.1//libgcc.a(_arm_addsubdf3.o)
 .data          0x810178e8        0x0 ../cross_compiler/lib/gcc/arm-none-eabi/4.8.1//libgcc.a(_arm_muldivdf3.o)
 .data          0x810178e8        0x0 ../cross_compiler/lib/gcc/arm-none-eabi/4.8.1//libgcc.a(_arm_cmpdf2.o)
 .data          0x810178e8        0x0 ../cross_compiler/lib/gcc/arm-none-eabi/4.8.1//libgcc.a(_arm_fixdfsi.o)
 .data          0x810178e8        0x0 ../cross_compiler/lib/gcc/arm-none-eabi/4.8.1//libgcc.a(_arm_truncdfsf2.o)
 .data          0x810178e8        0x0 ../cross_compiler/lib/gcc/arm-none-eabi/4.8.1//libgcc.a(_arm_addsubsf3.o)
 .data          0x810178e8        0x0 ../cross_compiler/lib/gcc/arm-none-eabi/4.8.1//libgcc.a(_arm_muldivsf3.o)
 .data          0x810178e8        0x0 ../cross_compiler/lib/gcc/arm-none-eabi/4.8.1//libgcc.a(_arm_fixunssfsi.o)
                0x810178e8                edata = ABSOLUTE (.)
                0x81018000                . = ALIGN (0x1000)
 *fill*         0x810178e8      0x718 

.igot.plt       0x81018000        0x0
 .igot.plt      0x00000000        0x0 binaries/start.o

.bss            0x81018000    0x20000
                0x81018000                bss = ABSOLUTE (.)
 *(.bss .bss.*)
 .bss           0x81018000        0x0 binaries/start.o
 .bss           0x81018000        0x0 binaries/ascdate.o
 .bss           0x81018000        0x0 binaries/bufinit.o
 .bss           0x81018000        0x0 binaries/chprio.o
 .bss           0x81018000        0x0 binaries/clkhandler.o
 .bss           0x81018000        0x4 binaries/clkinit.o
                0x81018000                ctr1000
 .bss           0x81018004        0x0 binaries/close.o
 .bss           0x81018004        0x0 binaries/conf.o
 .bss           0x81018004        0x0 binaries/control.o
 .bss           0x81018004        0x0 binaries/create.o
 .bss           0x81018004        0x0 binaries/evec.o
 .bss           0x81018004        0x0 binaries/exit.o
 .bss           0x81018004        0x0 binaries/freebuf.o
 .bss           0x81018004        0x0 binaries/freemem.o
 .bss           0x81018004        0x0 binaries/getbuf.o
 .bss           0x81018004        0x0 binaries/getc.o
 .bss           0x81018004        0x0 binaries/getdev.o
 .bss           0x81018004        0x0 binaries/getitem.o
 .bss           0x81018004        0x0 binaries/getmem.o
 .bss           0x81018004        0x0 binaries/getpid.o
 .bss           0x81018004        0x0 binaries/getprio.o
 .bss           0x81018004        0x0 binaries/getstk.o
 .bss           0x81018004        0x0 binaries/getticks.o
 .bss           0x81018004        0x0 binaries/gettime.o
 .bss           0x81018004        0x0 binaries/getutime.o
 .bss           0x81018004        0x0 binaries/gpio_v2.o
 .bss           0x81018004        0x0 binaries/init.o
 .bss           0x81018004        0x0 binaries/initialize.o
 .bss           0x81018004        0x0 binaries/insert.o
 .bss           0x81018004        0x0 binaries/insertd.o
 .bss           0x81018004        0x0 binaries/ioerr.o
 .bss           0x81018004        0x0 binaries/ionull.o
 .bss           0x81018004        0x0 binaries/kill.o
 .bss           0x81018004        0x0 binaries/kprintf.o
 .bss           0x81018004        0x0 binaries/main.o
 .bss           0x81018004        0x0 binaries/mark.o
 .bss           0x81018004        0x0 binaries/meminit.o
 .bss           0x81018004        0x0 binaries/mkbufpool.o
 .bss           0x81018004        0x0 binaries/newqueue.o
 .bss           0x81018004        0x0 binaries/open.o
 .bss           0x81018004        0x0 binaries/panic.o
 .bss           0x81018004        0x0 binaries/platinit.o
 .bss           0x81018004        0x0 binaries/ptclear.o
 .bss           0x81018004        0x0 binaries/ptcount.o
 .bss           0x81018004        0x0 binaries/ptcreate.o
 .bss           0x81018004        0x0 binaries/ptdelete.o
 .bss           0x81018004        0x0 binaries/ptinit.o
 .bss           0x81018004        0x0 binaries/ptrecv.o
 .bss           0x81018004        0x0 binaries/ptreset.o
 .bss           0x81018004        0x0 binaries/ptsend.o
 .bss           0x81018004        0x0 binaries/putc.o
 .bss           0x81018004        0x0 binaries/queue.o
 .bss           0x81018004        0x0 binaries/read.o
 .bss           0x81018004        0x0 binaries/ready.o
 .bss           0x81018004        0x0 binaries/receive.o
 .bss           0x81018004        0x0 binaries/recvclr.o
 .bss           0x81018004        0x0 binaries/recvtime.o
 .bss           0x81018004        0x0 binaries/resched.o
 .bss           0x81018004        0x0 binaries/resume.o
 .bss           0x81018004        0x0 binaries/seek.o
 .bss           0x81018004        0x0 binaries/semcount.o
 .bss           0x81018004        0x4 binaries/semcreate.o
 .bss           0x81018008        0x0 binaries/semdelete.o
 .bss           0x81018008        0x0 binaries/semreset.o
 .bss           0x81018008        0x0 binaries/send.o
 .bss           0x81018008        0x0 binaries/signal.o
 .bss           0x81018008        0x0 binaries/signaln.o
 .bss           0x81018008        0x0 binaries/sleep.o
 .bss           0x81018008        0x0 binaries/suspend.o
 .bss           0x81018008        0x0 binaries/unsleep.o
 .bss           0x81018008        0x0 binaries/userret.o
 .bss           0x81018008        0x0 binaries/wait.o
 .bss           0x81018008        0x0 binaries/wakeup.o
 .bss           0x81018008        0x0 binaries/write.o
 .bss           0x81018008        0x0 binaries/xdone.o
 .bss           0x81018008        0x0 binaries/yield.o
 .bss           0x81018008        0x0 binaries/abs.o
 .bss           0x81018008        0x0 binaries/atoi.o
 .bss           0x81018008        0x0 binaries/atol.o
 .bss           0x81018008        0x0 binaries/bzero.o
 .bss           0x81018008        0x0 binaries/ctype_.o
 .bss           0x81018008        0x0 binaries/doprnt.o
 .bss           0x81018008        0x0 binaries/doscan.o
 .bss           0x81018008        0x0 binaries/fdoprnt.o
 .bss           0x81018008        0x0 binaries/fgetc.o
 .bss           0x81018008        0x0 binaries/fgets.o
 .bss           0x81018008        0x0 binaries/fprintf.o
 .bss           0x81018008        0x0 binaries/fputc.o
 .bss           0x81018008        0x0 binaries/fputs.o
 .bss           0x81018008        0x0 binaries/fscanf.o
 .bss           0x81018008        0x0 binaries/getchar.o
 .bss           0x81018008        0x0 binaries/labs.o
 .bss           0x81018008        0x0 binaries/memchr.o
 .bss           0x81018008        0x0 binaries/memcmp.o
 .bss           0x81018008        0x0 binaries/memcpy.o
 .bss           0x81018008        0x0 binaries/memset.o
 .bss           0x81018008        0x0 binaries/printf.o
 .bss           0x81018008        0x0 binaries/putchar.o
 .bss           0x81018008        0x8 binaries/qsort.o
 .bss           0x81018010        0x0 binaries/rand.o
 .bss           0x81018010        0x0 binaries/sprintf.o
 .bss           0x81018010        0x0 binaries/sscanf.o
 .bss           0x81018010        0x0 binaries/strchr.o
 .bss           0x81018010        0x0 binaries/strcmp.o
 .bss           0x81018010        0x0 binaries/strcpy.o
 .bss           0x81018010        0x0 binaries/strlen.o
 .bss           0x81018010        0x0 binaries/strncat.o
 .bss           0x81018010        0x0 binaries/strncmp.o
 .bss           0x81018010        0x0 binaries/strncpy.o
 .bss           0x81018010        0x0 binaries/strnlen.o
 .bss           0x81018010        0x0 binaries/strrchr.o
 .bss           0x81018010        0x0 binaries/strstr.o
 .bss           0x81018010        0x0 binaries/ttycontrol.o
 .bss           0x81018010        0x0 binaries/ttygetc.o
 .bss           0x81018010        0x0 binaries/ttyhandle_in.o
 .bss           0x81018010        0x0 binaries/ttyhandle_out.o
 .bss           0x81018010        0x0 binaries/ttyhandler.o
 .bss           0x81018010        0x0 binaries/ttyinit.o
 .bss           0x81018010        0x0 binaries/ttykickout.o
 .bss           0x81018010        0x0 binaries/ttyputc.o
 .bss           0x81018010        0x0 binaries/ttyread.o
 .bss           0x81018010        0x0 binaries/ttywrite.o
 .bss           0x81018010        0x0 binaries/mount.o
 .bss           0x81018010        0x0 binaries/naminit.o
 .bss           0x81018010        0x0 binaries/nammap.o
 .bss           0x81018010        0x0 binaries/namopen.o
 .bss           0x81018010        0x0 binaries/ethcontrol.o
 .bss           0x81018010        0x0 binaries/ethhandler.o
 .bss           0x81018010        0x0 binaries/ethinit.o
 .bss           0x81018010        0x0 binaries/ethread.o
 .bss           0x81018010        0x0 binaries/ethwrite.o
 .bss           0x81018010        0x0 binaries/rdsbufalloc.o
 .bss           0x81018010        0x0 binaries/rdsclose.o
 .bss           0x81018010        0x0 binaries/rdscomm.o
 .bss           0x81018010        0x0 binaries/rdscontrol.o
 .bss           0x81018010        0x0 binaries/rdsinit.o
 .bss           0x81018010        0x0 binaries/rdsopen.o
 .bss           0x81018010        0x0 binaries/rdsprocess.o
 .bss           0x81018010        0x0 binaries/rdsread.o
 .bss           0x81018010        0x0 binaries/rdswrite.o
 .bss           0x81018010        0x0 binaries/ramclose.o
 .bss           0x81018010        0x0 binaries/raminit.o
 .bss           0x81018010        0x0 binaries/ramopen.o
 .bss           0x81018010        0x0 binaries/ramread.o
 .bss           0x81018010        0x0 binaries/ramwrite.o
 .bss           0x81018010        0x0 binaries/lfdballoc.o
 .bss           0x81018010        0x0 binaries/lfdbfree.o
 .bss           0x81018010        0x0 binaries/lfflush.o
 .bss           0x81018010        0x0 binaries/lfgetmode.o
 .bss           0x81018010        0x0 binaries/lfiballoc.o
 .bss           0x81018010        0x0 binaries/lfibclear.o
 .bss           0x81018010        0x0 binaries/lfibget.o
 .bss           0x81018010        0x0 binaries/lfibput.o
 .bss           0x81018010        0x0 binaries/lflclose.o
 .bss           0x81018010        0x0 binaries/lflcontrol.o
 .bss           0x81018010        0x0 binaries/lflgetc.o
 .bss           0x81018010        0x0 binaries/lflinit.o
 .bss           0x81018010        0x0 binaries/lflputc.o
 .bss           0x81018010        0x0 binaries/lflread.o
 .bss           0x81018010        0x0 binaries/lflseek.o
 .bss           0x81018010        0x0 binaries/lflwrite.o
 .bss           0x81018010        0x0 binaries/lfscheck.o
 .bss           0x81018010        0x0 binaries/lfsckfmt.o
 .bss           0x81018010        0x0 binaries/lfscreate.o
 .bss           0x81018010        0x0 binaries/lfsetup.o
 .bss           0x81018010        0x0 binaries/lfsinit.o
 .bss           0x81018010        0x0 binaries/lfsopen.o
 .bss           0x81018010        0x0 binaries/lftruncate.o
 .bss           0x81018010        0x0 binaries/rflclose.o
 .bss           0x81018010        0x0 binaries/rflgetc.o
 .bss           0x81018010        0x0 binaries/rflinit.o
 .bss           0x81018010        0x0 binaries/rflputc.o
 .bss           0x81018010        0x0 binaries/rflread.o
 .bss           0x81018010        0x0 binaries/rflseek.o
 .bss           0x81018010        0x0 binaries/rflwrite.o
 .bss           0x81018010        0x0 binaries/rfscomm.o
 .bss           0x81018010        0x0 binaries/rfscontrol.o
 .bss           0x81018010        0x0 binaries/rfsgetmode.o
 .bss           0x81018010        0x0 binaries/rfsinit.o
 .bss           0x81018010        0x0 binaries/rfsndmsg.o
 .bss           0x81018010        0x0 binaries/rfsopen.o
 .bss           0x81018010        0x0 binaries/spicontrol.o
 .bss           0x81018010        0x0 binaries/spiinit.o
 .bss           0x81018010        0x0 binaries/adchandler.o
 .bss           0x81018010        0x0 binaries/adcinit.o
 .bss           0x81018010        0x0 binaries/adcread.o
 .bss           0x81018010        0x0 binaries/adcsysctrl.o
 .bss           0x81018010        0x0 binaries/button2read.o
 .bss           0x81018010        0x0 binaries/buttonread.o
 .bss           0x81018010        0x0 binaries/buzzerwrite.o
 .bss           0x81018010        0x0 binaries/ledwrite.o
 .bss           0x81018010        0x0 binaries/tmp36read.o
 .bss           0x81018010        0x0 binaries/arp.o
 .bss           0x81018010        0x0 binaries/b2e.o
 .bss           0x81018010        0x0 binaries/dhcp.o
 .bss           0x81018010        0x0 binaries/dns.o
 .bss           0x81018010        0x0 binaries/dot2ip.o
 .bss           0x81018010        0x0 binaries/hexdump.o
 .bss           0x81018010        0x0 binaries/icmp.o
 .bss           0x81018010        0x0 binaries/ip.o
 .bss           0x81018010        0x0 binaries/net.o
 .bss           0x81018010        0x0 binaries/netstart.o
 .bss           0x81018010        0x0 binaries/pdump.o
 .bss           0x81018010        0x0 binaries/tftp.o
 .bss           0x81018010        0x0 binaries/udp.o
 .bss           0x81018010        0x0 binaries/addargs.o
 .bss           0x81018010        0x0 binaries/lexan.o
 .bss           0x81018010        0x0 binaries/shell.o
 .bss           0x81018010        0x0 binaries/xsh_argecho.o
 .bss           0x81018010        0x0 binaries/xsh_arp.o
 .bss           0x81018010        0x0 binaries/xsh_cat.o
 .bss           0x81018010        0x0 binaries/xsh_clear.o
 .bss           0x81018010        0x0 binaries/xsh_date.o
 .bss           0x81018010        0x0 binaries/xsh_devdump.o
 .bss           0x81018010        0x0 binaries/xsh_echo.o
 .bss           0x81018010        0x0 binaries/xsh_exit.o
 .bss           0x81018010        0x0 binaries/xsh_help.o
 .bss           0x81018010        0x0 binaries/xsh_kill.o
 .bss           0x81018010        0x0 binaries/xsh_memdump.o
 .bss           0x81018010        0x0 binaries/xsh_memstat.o
 .bss           0x81018010        0x0 binaries/xsh_netinfo.o
 .bss           0x81018010        0x4 binaries/xsh_ping.o
 .bss           0x81018014        0x0 binaries/xsh_ps.o
 .bss           0x81018014        0x0 binaries/xsh_sleep.o
 .bss           0x81018014        0x0 binaries/xsh_udpdump.o
 .bss           0x81018014        0x0 binaries/xsh_udpecho.o
 .bss           0x81018014        0x0 binaries/xsh_udpserver.o
 .bss           0x81018014        0x0 binaries/xsh_uptime.o
 .bss           0x81018014        0x0 binaries/ctxsw.o
 .bss           0x81018014        0x0 binaries/intr.o
 .bss           0x81018014        0x0 ../cross_compiler/lib/gcc/arm-none-eabi/4.8.1//libgcc.a(_udivsi3.o)
 .bss           0x81018014        0x0 ../cross_compiler/lib/gcc/arm-none-eabi/4.8.1//libgcc.a(_divsi3.o)
 .bss           0x81018014        0x0 ../cross_compiler/lib/gcc/arm-none-eabi/4.8.1//libgcc.a(_dvmd_tls.o)
 .bss           0x81018014        0x0 ../cross_compiler/lib/gcc/arm-none-eabi/4.8.1//libgcc.a(_arm_addsubdf3.o)
 .bss           0x81018014        0x0 ../cross_compiler/lib/gcc/arm-none-eabi/4.8.1//libgcc.a(_arm_muldivdf3.o)
 .bss           0x81018014        0x0 ../cross_compiler/lib/gcc/arm-none-eabi/4.8.1//libgcc.a(_arm_cmpdf2.o)
 .bss           0x81018014        0x0 ../cross_compiler/lib/gcc/arm-none-eabi/4.8.1//libgcc.a(_arm_fixdfsi.o)
 .bss           0x81018014        0x0 ../cross_compiler/lib/gcc/arm-none-eabi/4.8.1//libgcc.a(_arm_truncdfsf2.o)
 .bss           0x81018014        0x0 ../cross_compiler/lib/gcc/arm-none-eabi/4.8.1//libgcc.a(_arm_addsubsf3.o)
 .bss           0x81018014        0x0 ../cross_compiler/lib/gcc/arm-none-eabi/4.8.1//libgcc.a(_arm_muldivsf3.o)
 .bss           0x81018014        0x0 ../cross_compiler/lib/gcc/arm-none-eabi/4.8.1//libgcc.a(_arm_fixunssfsi.o)
 *(COMMON)
[...]
 .ARM.attributes
                0x000020db       0x35 binaries/lflseek.o
 .ARM.attributes
                0x00002110       0x35 binaries/lflwrite.o
 .ARM.attributes
                0x00002145       0x35 binaries/lfscheck.o
 .ARM.attributes
                0x0000217a       0x35 binaries/lfsckfmt.o
 .ARM.attributes
                0x000021af       0x35 binaries/lfscreate.o
 .ARM.attributes
                0x000021e4       0x35 binaries/lfsetup.o
 .ARM.attributes
                0x00002219       0x35 binaries/lfsinit.o
 .ARM.attributes
                0x0000224e       0x35 binaries/lfsopen.o
 .ARM.attributes
                0x00002283       0x35 binaries/lftruncate.o
 .ARM.attributes
                0x000022b8       0x35 binaries/rflclose.o
 .ARM.attributes
                0x000022ed       0x35 binaries/rflgetc.o
 .ARM.attributes
                0x00002322       0x35 binaries/rflinit.o
 .ARM.attributes
                0x00002357       0x35 binaries/rflputc.o
 .ARM.attributes
                0x0000238c       0x35 binaries/rflread.o
 .ARM.attributes
                0x000023c1       0x35 binaries/rflseek.o
 .ARM.attributes
                0x000023f6       0x35 binaries/rflwrite.o
 .ARM.attributes
                0x0000242b       0x35 binaries/rfscomm.o
 .ARM.attributes
                0x00002460       0x35 binaries/rfscontrol.o
 .ARM.attributes
                0x00002495       0x35 binaries/rfsgetmode.o
 .ARM.attributes
                0x000024ca       0x35 binaries/rfsinit.o
 .ARM.attributes
                0x000024ff       0x35 binaries/rfsndmsg.o
 .ARM.attributes
                0x00002534       0x35 binaries/rfsopen.o
 .ARM.attributes
                0x00002569       0x35 binaries/spicontrol.o
 .ARM.attributes
                0x0000259e       0x35 binaries/spiinit.o
 .ARM.attributes
                0x000025d3       0x35 binaries/adchandler.o
 .ARM.attributes
                0x00002608       0x35 binaries/adcinit.o
 .ARM.attributes
                0x0000263d       0x35 binaries/adcread.o
 .ARM.attributes
                0x00002672       0x35 binaries/adcsysctrl.o
 .ARM.attributes
                0x000026a7       0x35 binaries/button2read.o
 .ARM.attributes
                0x000026dc       0x35 binaries/buttonread.o
 .ARM.attributes
                0x00002711       0x35 binaries/buzzerwrite.o
 .ARM.attributes
                0x00002746       0x35 binaries/ledwrite.o
 .ARM.attributes
                0x0000277b       0x35 binaries/tmp36read.o
 .ARM.attributes
                0x000027b0       0x35 binaries/arp.o
 .ARM.attributes
                0x000027e5       0x35 binaries/b2e.o
 .ARM.attributes
                0x0000281a       0x35 binaries/dhcp.o
 .ARM.attributes
                0x0000284f       0x35 binaries/dns.o
 .ARM.attributes
                0x00002884       0x35 binaries/dot2ip.o
 .ARM.attributes
                0x000028b9       0x35 binaries/hexdump.o
 .ARM.attributes
                0x000028ee       0x35 binaries/icmp.o
 .ARM.attributes
                0x00002923       0x35 binaries/ip.o
 .ARM.attributes
                0x00002958       0x35 binaries/net.o
 .ARM.attributes
                0x0000298d       0x35 binaries/netstart.o
 .ARM.attributes
                0x000029c2       0x35 binaries/pdump.o
 .ARM.attributes
                0x000029f7       0x35 binaries/tftp.o
 .ARM.attributes
                0x00002a2c       0x35 binaries/udp.o
 .ARM.attributes
                0x00002a61       0x35 binaries/addargs.o
 .ARM.attributes
                0x00002a96       0x35 binaries/lexan.o
 .ARM.attributes
                0x00002acb       0x35 binaries/shell.o
 .ARM.attributes
                0x00002b00       0x35 binaries/xsh_argecho.o
 .ARM.attributes
                0x00002b35       0x35 binaries/xsh_arp.o
 .ARM.attributes
                0x00002b6a       0x35 binaries/xsh_cat.o
 .ARM.attributes
                0x00002b9f       0x35 binaries/xsh_clear.o
 .ARM.attributes
                0x00002bd4       0x35 binaries/xsh_date.o
 .ARM.attributes
                0x00002c09       0x35 binaries/xsh_devdump.o
 .ARM.attributes
                0x00002c3e       0x35 binaries/xsh_echo.o
 .ARM.attributes
                0x00002c73       0x35 binaries/xsh_exit.o
 .ARM.attributes
                0x00002ca8       0x35 binaries/xsh_help.o
 .ARM.attributes
                0x00002cdd       0x35 binaries/xsh_kill.o
 .ARM.attributes
                0x00002d12       0x35 binaries/xsh_memdump.o
 .ARM.attributes
                0x00002d47       0x35 binaries/xsh_memstat.o
 .ARM.attributes
                0x00002d7c       0x35 binaries/xsh_netinfo.o
 .ARM.attributes
                0x00002db1       0x35 binaries/xsh_ping.o
 .ARM.attributes
                0x00002de6       0x35 binaries/xsh_ps.o
 .ARM.attributes
                0x00002e1b       0x35 binaries/xsh_sleep.o
 .ARM.attributes
                0x00002e50       0x35 binaries/xsh_udpdump.o
 .ARM.attributes
                0x00002e85       0x35 binaries/xsh_udpecho.o
 .ARM.attributes
                0x00002eba       0x35 binaries/xsh_udpserver.o
 .ARM.attributes
                0x00002eef       0x35 binaries/xsh_uptime.o
 .ARM.attributes
                0x00002f24       0x25 binaries/ctxsw.o
 .ARM.attributes
                0x00002f49       0x25 binaries/intr.o
 .ARM.attributes
                0x00002f6e       0x18 ../cross_compiler/lib/gcc/arm-none-eabi/4.8.1//libgcc.a(_udivsi3.o)
 .ARM.attributes
                0x00002f86       0x18 ../cross_compiler/lib/gcc/arm-none-eabi/4.8.1//libgcc.a(_divsi3.o)
 .ARM.attributes
                0x00002f9e       0x18 ../cross_compiler/lib/gcc/arm-none-eabi/4.8.1//libgcc.a(_dvmd_tls.o)
 .ARM.attributes
                0x00002fb6       0x18 ../cross_compiler/lib/gcc/arm-none-eabi/4.8.1//libgcc.a(_arm_addsubdf3.o)
 .ARM.attributes
                0x00002fce       0x18 ../cross_compiler/lib/gcc/arm-none-eabi/4.8.1//libgcc.a(_arm_muldivdf3.o)
 .ARM.attributes
                0x00002fe6       0x18 ../cross_compiler/lib/gcc/arm-none-eabi/4.8.1//libgcc.a(_arm_cmpdf2.o)
 .ARM.attributes
                0x00002ffe       0x18 ../cross_compiler/lib/gcc/arm-none-eabi/4.8.1//libgcc.a(_arm_fixdfsi.o)
 .ARM.attributes
                0x00003016       0x18 ../cross_compiler/lib/gcc/arm-none-eabi/4.8.1//libgcc.a(_arm_truncdfsf2.o)
 .ARM.attributes
                0x0000302e       0x18 ../cross_compiler/lib/gcc/arm-none-eabi/4.8.1//libgcc.a(_arm_addsubsf3.o)
 .ARM.attributes
                0x00003046       0x18 ../cross_compiler/lib/gcc/arm-none-eabi/4.8.1//libgcc.a(_arm_muldivsf3.o)
 .ARM.attributes
                0x0000305e       0x18 ../cross_compiler/lib/gcc/arm-none-eabi/4.8.1//libgcc.a(_arm_fixunssfsi.o)

.comment        0x00000000       0x30
 .comment       0x00000000       0x30 binaries/ascdate.o
                                 0x31 (size before relaxing)
 .comment       0x00000000       0x31 binaries/bufinit.o
 .comment       0x00000000       0x31 binaries/chprio.o
 .comment       0x00000000       0x31 binaries/clkhandler.o
 .comment       0x00000000       0x31 binaries/clkinit.o
 .comment       0x00000000       0x31 binaries/close.o
 .comment       0x00000000       0x31 binaries/conf.o
 .comment       0x00000000       0x31 binaries/control.o
 .comment       0x00000000       0x31 binaries/create.o
 .comment       0x00000000       0x31 binaries/evec.o
 .comment       0x00000000       0x31 binaries/exit.o
 .comment       0x00000000       0x31 binaries/freebuf.o
 .comment       0x00000000       0x31 binaries/freemem.o
 .comment       0x00000000       0x31 binaries/getbuf.o
 .comment       0x00000000       0x31 binaries/getc.o
 .comment       0x00000000       0x31 binaries/getdev.o
 .comment       0x00000000       0x31 binaries/getitem.o
 .comment       0x00000000       0x31 binaries/getmem.o
 .comment       0x00000000       0x31 binaries/getpid.o
 .comment       0x00000000       0x31 binaries/getprio.o
 .comment       0x00000000       0x31 binaries/getstk.o
 .comment       0x00000000       0x31 binaries/getticks.o
 .comment       0x00000000       0x31 binaries/gettime.o
 .comment       0x00000000       0x31 binaries/getutime.o
 .comment       0x00000000       0x31 binaries/gpio_v2.o
 .comment       0x00000000       0x31 binaries/init.o
 .comment       0x00000000       0x31 binaries/initialize.o
 .comment       0x00000000       0x31 binaries/insert.o
 .comment       0x00000000       0x31 binaries/insertd.o
 .comment       0x00000000       0x31 binaries/ioerr.o
 .comment       0x00000000       0x31 binaries/ionull.o
 .comment       0x00000000       0x31 binaries/kill.o
 .comment       0x00000000       0x31 binaries/kprintf.o
 .comment       0x00000000       0x31 binaries/main.o
 .comment       0x00000000       0x31 binaries/mark.o
 .comment       0x00000000       0x31 binaries/meminit.o
 .comment       0x00000000       0x31 binaries/mkbufpool.o
 .comment       0x00000000       0x31 binaries/newqueue.o
 .comment       0x00000000       0x31 binaries/open.o
 .comment       0x00000000       0x31 binaries/panic.o
 .comment       0x00000000       0x31 binaries/platinit.o
 .comment       0x00000000       0x31 binaries/ptclear.o
 .comment       0x00000000       0x31 binaries/ptcount.o
 .comment       0x00000000       0x31 binaries/ptcreate.o
 .comment       0x00000000       0x31 binaries/ptdelete.o
 .comment       0x00000000       0x31 binaries/ptinit.o
 .comment       0x00000000       0x31 binaries/ptrecv.o
 .comment       0x00000000       0x31 binaries/ptreset.o
 .comment       0x00000000       0x31 binaries/ptsend.o
 .comment       0x00000000       0x31 binaries/putc.o
 .comment       0x00000000       0x31 binaries/queue.o
 .comment       0x00000000       0x31 binaries/read.o
 .comment       0x00000000       0x31 binaries/ready.o
 .comment       0x00000000       0x31 binaries/receive.o
 .comment       0x00000000       0x31 binaries/recvclr.o
 .comment       0x00000000       0x31 binaries/recvtime.o
 .comment       0x00000000       0x31 binaries/resched.o
 .comment       0x00000000       0x31 binaries/resume.o
 .comment       0x00000000       0x31 binaries/seek.o
 .comment       0x00000000       0x31 binaries/semcount.o
 .comment       0x00000000       0x31 binaries/semcreate.o
 .comment       0x00000000       0x31 binaries/semdelete.o
 .comment       0x00000000       0x31 binaries/semreset.o
 .comment       0x00000000       0x31 binaries/send.o
 .comment       0x00000000       0x31 binaries/signal.o
 .comment       0x00000000       0x31 binaries/signaln.o
 .comment       0x00000000       0x31 binaries/sleep.o
 .comment       0x00000000       0x31 binaries/suspend.o
 .comment       0x00000000       0x31 binaries/unsleep.o
 .comment       0x00000000       0x31 binaries/userret.o
 .comment       0x00000000       0x31 binaries/wait.o
 .comment       0x00000000       0x31 binaries/wakeup.o
 .comment       0x00000000       0x31 binaries/write.o
 .comment       0x00000000       0x31 binaries/xdone.o
 .comment       0x00000000       0x31 binaries/yield.o
 .comment       0x00000000       0x31 binaries/abs.o
 .comment       0x00000000       0x31 binaries/atoi.o
 .comment       0x00000000       0x31 binaries/atol.o
 .comment       0x00000000       0x31 binaries/bzero.o
 .comment       0x00000000       0x31 binaries/ctype_.o
 .comment       0x00000000       0x31 binaries/doprnt.o
 .comment       0x00000000       0x31 binaries/doscan.o
 .comment       0x00000000       0x31 binaries/fdoprnt.o
 .comment       0x00000000       0x31 binaries/fgetc.o
 .comment       0x00000000       0x31 binaries/fgets.o
 .comment       0x00000000       0x31 binaries/fprintf.o
 .comment       0x00000000       0x31 binaries/fputc.o
 .comment       0x00000000       0x31 binaries/fputs.o
 .comment       0x00000000       0x31 binaries/fscanf.o
 .comment       0x00000000       0x31 binaries/getchar.o
 .comment       0x00000000       0x31 binaries/labs.o
 .comment       0x00000000       0x31 binaries/memchr.o
 .comment       0x00000000       0x31 binaries/memcmp.o
 .comment       0x00000000       0x31 binaries/memcpy.o
 .comment       0x00000000       0x31 binaries/memset.o
 .comment       0x00000000       0x31 binaries/printf.o
 .comment       0x00000000       0x31 binaries/putchar.o
 .comment       0x00000000       0x31 binaries/qsort.o
 .comment       0x00000000       0x31 binaries/rand.o
 .comment       0x00000000       0x31 binaries/sprintf.o
 .comment       0x00000000       0x31 binaries/sscanf.o
 .comment       0x00000000       0x31 binaries/strchr.o
 .comment       0x00000000       0x31 binaries/strcmp.o
 .comment       0x00000000       0x31 binaries/strcpy.o
 .comment       0x00000000       0x31 binaries/strlen.o
 .comment       0x00000000       0x31 binaries/strncat.o
 .comment       0x00000000       0x31 binaries/strncmp.o
 .comment       0x00000000       0x31 binaries/strncpy.o
 .comment       0x00000000       0x31 binaries/strnlen.o
 .comment       0x00000000       0x31 binaries/strrchr.o
 .comment       0x00000000       0x31 binaries/strstr.o
 .comment       0x00000000       0x31 binaries/ttycontrol.o
 .comment       0x00000000       0x31 binaries/ttygetc.o
 .comment       0x00000000       0x31 binaries/ttyhandle_in.o
 .comment       0x00000000       0x31 binaries/ttyhandle_out.o
 .comment       0x00000000       0x31 binaries/ttyhandler.o
 .comment       0x00000000       0x31 binaries/ttyinit.o
 .comment       0x00000000       0x31 binaries/ttykickout.o
 .comment       0x00000000       0x31 binaries/ttyputc.o
 .comment       0x00000000       0x31 binaries/ttyread.o
 .comment       0x00000000       0x31 binaries/ttywrite.o
 .comment       0x00000000       0x31 binaries/mount.o
 .comment       0x00000000       0x31 binaries/naminit.o
 .comment       0x00000000       0x31 binaries/nammap.o
 .comment       0x00000000       0x31 binaries/namopen.o
 .comment       0x00000000       0x31 binaries/ethcontrol.o
 .comment       0x00000000       0x31 binaries/ethhandler.o
 .comment       0x00000000       0x31 binaries/ethinit.o
 .comment       0x00000000       0x31 binaries/ethread.o
 .comment       0x00000000       0x31 binaries/ethwrite.o
 .comment       0x00000000       0x31 binaries/rdsbufalloc.o
 .comment       0x00000000       0x31 binaries/rdsclose.o
 .comment       0x00000000       0x31 binaries/rdscomm.o
 .comment       0x00000000       0x31 binaries/rdscontrol.o
 .comment       0x00000000       0x31 binaries/rdsinit.o
 .comment       0x00000000       0x31 binaries/rdsopen.o
 .comment       0x00000000       0x31 binaries/rdsprocess.o
 .comment       0x00000000       0x31 binaries/rdsread.o
 .comment       0x00000000       0x31 binaries/rdswrite.o
 .comment       0x00000000       0x31 binaries/ramclose.o
 .comment       0x00000000       0x31 binaries/raminit.o
 .comment       0x00000000       0x31 binaries/ramopen.o
 .comment       0x00000000       0x31 binaries/ramread.o
 .comment       0x00000000       0x31 binaries/ramwrite.o
 .comment       0x00000000       0x31 binaries/lfdballoc.o
 .comment       0x00000000       0x31 binaries/lfdbfree.o
 .comment       0x00000000       0x31 binaries/lfflush.o
 .comment       0x00000000       0x31 binaries/lfgetmode.o
 .comment       0x00000000       0x31 binaries/lfiballoc.o
 .comment       0x00000000       0x31 binaries/lfibclear.o
 .comment       0x00000000       0x31 binaries/lfibget.o
 .comment       0x00000000       0x31 binaries/lfibput.o
 .comment       0x00000000       0x31 binaries/lflclose.o
 .comment       0x00000000       0x31 binaries/lflcontrol.o
 .comment       0x00000000       0x31 binaries/lflgetc.o
 .comment       0x00000000       0x31 binaries/lflinit.o
 .comment       0x00000000       0x31 binaries/lflputc.o
 .comment       0x00000000       0x31 binaries/lflread.o
 .comment       0x00000000       0x31 binaries/lflseek.o
 .comment       0x00000000       0x31 binaries/lflwrite.o
 .comment       0x00000000       0x31 binaries/lfscheck.o
 .comment       0x00000000       0x31 binaries/lfsckfmt.o
 .comment       0x00000000       0x31 binaries/lfscreate.o
 .comment       0x00000000       0x31 binaries/lfsetup.o
 .comment       0x00000000       0x31 binaries/lfsinit.o
 .comment       0x00000000       0x31 binaries/lfsopen.o
 .comment       0x00000000       0x31 binaries/lftruncate.o
 .comment       0x00000000       0x31 binaries/rflclose.o
 .comment       0x00000000       0x31 binaries/rflgetc.o
 .comment       0x00000000       0x31 binaries/rflinit.o
 .comment       0x00000000       0x31 binaries/rflputc.o
 .comment       0x00000000       0x31 binaries/rflread.o
 .comment       0x00000000       0x31 binaries/rflseek.o
 .comment       0x00000000       0x31 binaries/rflwrite.o
 .comment       0x00000000       0x31 binaries/rfscomm.o
 .comment       0x00000000       0x31 binaries/rfscontrol.o
 .comment       0x00000000       0x31 binaries/rfsgetmode.o
 .comment       0x00000000       0x31 binaries/rfsinit.o
 .comment       0x00000000       0x31 binaries/rfsndmsg.o
 .comment       0x00000000       0x31 binaries/rfsopen.o
 .comment       0x00000000       0x31 binaries/spicontrol.o
 .comment       0x00000000       0x31 binaries/spiinit.o
 .comment       0x00000000       0x31 binaries/adchandler.o
 .comment       0x00000000       0x31 binaries/adcinit.o
 .comment       0x00000000       0x31 binaries/adcread.o
 .comment       0x00000000       0x31 binaries/adcsysctrl.o
 .comment       0x00000000       0x31 binaries/button2read.o
 .comment       0x00000000       0x31 binaries/buttonread.o
 .comment       0x00000000       0x31 binaries/buzzerwrite.o
 .comment       0x00000000       0x31 binaries/ledwrite.o
 .comment       0x00000000       0x31 binaries/tmp36read.o
 .comment       0x00000000       0x31 binaries/arp.o
 .comment       0x00000000       0x31 binaries/b2e.o
 .comment       0x00000000       0x31 binaries/dhcp.o
 .comment       0x00000000       0x31 binaries/dns.o
 .comment       0x00000000       0x31 binaries/dot2ip.o
 .comment       0x00000000       0x31 binaries/hexdump.o
 .comment       0x00000000       0x31 binaries/icmp.o
 .comment       0x00000000       0x31 binaries/ip.o
 .comment       0x00000000       0x31 binaries/net.o
 .comment       0x00000000       0x31 binaries/netstart.o
 .comment       0x00000000       0x31 binaries/pdump.o
 .comment       0x00000000       0x31 binaries/tftp.o
 .comment       0x00000000       0x31 binaries/udp.o
 .comment       0x00000000       0x31 binaries/addargs.o
 .comment       0x00000000       0x31 binaries/lexan.o
 .comment       0x00000000       0x31 binaries/shell.o
 .comment       0x00000000       0x31 binaries/xsh_argecho.o
 .comment       0x00000000       0x31 binaries/xsh_arp.o
 .comment       0x00000000       0x31 binaries/xsh_cat.o
 .comment       0x00000000       0x31 binaries/xsh_clear.o
 .comment       0x00000000       0x31 binaries/xsh_date.o
 .comment       0x00000000       0x31 binaries/xsh_devdump.o
 .comment       0x00000000       0x31 binaries/xsh_echo.o
 .comment       0x00000000       0x31 binaries/xsh_exit.o
 .comment       0x00000000       0x31 binaries/xsh_help.o
 .comment       0x00000000       0x31 binaries/xsh_kill.o
 .comment       0x00000000       0x31 binaries/xsh_memdump.o
 .comment       0x00000000       0x31 binaries/xsh_memstat.o
 .comment       0x00000000       0x31 binaries/xsh_netinfo.o
 .comment       0x00000000       0x31 binaries/xsh_ping.o
 .comment       0x00000000       0x31 binaries/xsh_ps.o
 .comment       0x00000000       0x31 binaries/xsh_sleep.o
 .comment       0x00000000       0x31 binaries/xsh_udpdump.o
 .comment       0x00000000       0x31 binaries/xsh_udpecho.o
 .comment       0x00000000       0x31 binaries/xsh_udpserver.o
 .comment       0x00000000       0x31 binaries/xsh_uptime.o

.debug_frame    0x00000000       0x40
 .debug_frame   0x00000000       0x20 ../cross_compiler/lib/gcc/arm-none-eabi/4.8.1//libgcc.a(_udivsi3.o)
 .debug_frame   0x00000020       0x20 ../cross_compiler/lib/gcc/arm-none-eabi/4.8.1//libgcc.a(_divsi3.o)
